400
b'<!DOCTYPE html>\n<html lang="en">\n<head>\n  <meta http-equiv="content-type" content="text/html; charset=utf-8">\n  <meta name="robots" content="NONE,NOARCHIVE">\n  <title>DisallowedHost\n          at /assessment/</title>\n  <style type="text/css">\n    html * { padding:0; margin:0; }\n    body * { padding:10px 20px; }\n    body * * { padding:0; }\n    body { font:small sans-serif; background-color:#fff; color:#000; }\n    body>div { border-bottom:1px solid #ddd; }\n    h1 { font-weight:normal; }\n    h2 { margin-bottom:.8em; }\n    h3 { margin:1em 0 .5em 0; }\n    h4 { margin:0 0 .5em 0; font-weight: normal; }\n    code, pre { font-size: 100%; white-space: pre-wrap; word-break: break-word; }\n    summary { cursor: pointer; }\n    table { border:1px solid #ccc; border-collapse: collapse; width:100%; background:white; }\n    tbody td, tbody th { vertical-align:top; padding:2px 3px; }\n    thead th {\n      padding:1px 6px 1px 3px; background:#fefefe; text-align:left;\n      font-weight:normal; font-size:11px; border:1px solid #ddd;\n    }\n    tbody th { width:12em; text-align:right; color:#666; padding-right:.5em; }\n    table.vars { margin:5px 10px 2px 40px; width: auto; }\n    table.vars td, table.req td { font-family:monospace; }\n    table td.code { width:100%; }\n    table td.code pre { overflow:hidden; }\n    table.source th { color:#666; }\n    table.source td { font-family:monospace; white-space:pre; border-bottom:1px solid #eee; }\n    ul.traceback { list-style-type:none; color: #222; }\n    ul.traceback li.cause { word-break: break-word; }\n    ul.traceback li.frame { padding-bottom:1em; color:#4f4f4f; }\n    ul.traceback li.user { background-color:#e0e0e0; color:#000 }\n    div.context { padding:10px 0; overflow:hidden; }\n    div.context ol { padding-left:30px; margin:0 10px; list-style-position: inside; }\n    div.context ol li { font-family:monospace; white-space:pre; color:#777; cursor:pointer; padding-left: 2px; }\n    div.context ol li pre { display:inline; }\n    div.context ol.context-line li { color:#464646; background-color:#dfdfdf; padding: 3px 2px; }\n    div.context ol.context-line li span { position:absolute; right:32px; }\n    .user div.context ol.context-line li { background-color:#bbb; color:#000; }\n    .user div.context ol li { color:#666; }\n    div.commands, summary.commands { margin-left: 40px; }\n    div.commands a, summary.commands { color:#555; text-decoration:none; }\n    .user div.commands a { color: black; }\n    #summary { background: #ffc; }\n    #summary h2 { font-weight: normal; color: #666; }\n    #explanation { background:#eee; }\n    #template, #template-not-exist { background:#f6f6f6; }\n    #template-not-exist ul { margin: 0 0 10px 20px; }\n    #template-not-exist .postmortem-section { margin-bottom: 3px; }\n    #unicode-hint { background:#eee; }\n    #traceback { background:#eee; }\n    #requestinfo { background:#f6f6f6; padding-left:120px; }\n    #summary table { border:none; background:transparent; }\n    #requestinfo h2, #requestinfo h3 { position:relative; margin-left:-100px; }\n    #requestinfo h3 { margin-bottom:-1em; }\n    .error { background: #ffc; }\n    .specific { color:#cc3300; font-weight:bold; }\n    h2 span.commands { font-size:.7em; font-weight:normal; }\n    span.commands a:link {color:#5E5694;}\n    pre.exception_value { font-family: sans-serif; color: #575757; font-size: 1.5em; margin: 10px 0 10px 0; }\n    .append-bottom { margin-bottom: 10px; }\n    .fname { user-select: all; }\n  </style>\n  \n  <script>\n    function hideAll(elems) {\n      for (var e = 0; e < elems.length; e++) {\n        elems[e].style.display = \'none\';\n      }\n    }\n    window.onload = function() {\n      hideAll(document.querySelectorAll(\'ol.pre-context\'));\n      hideAll(document.querySelectorAll(\'ol.post-context\'));\n      hideAll(document.querySelectorAll(\'div.pastebin\'));\n    }\n    function toggle() {\n      for (var i = 0; i < arguments.length; i++) {\n        var e = document.getElementById(arguments[i]);\n        if (e) {\n          e.style.display = e.style.display == \'none\' ? \'block\': \'none\';\n        }\n      }\n      return false;\n    }\n    function switchPastebinFriendly(link) {\n      s1 = "Switch to copy-and-paste view";\n      s2 = "Switch back to interactive view";\n      link.textContent = link.textContent.trim() == s1 ? s2: s1;\n      toggle(\'browserTraceback\', \'pastebinTraceback\');\n      return false;\n    }\n  </script>\n  \n</head>\n<body>\n<div id="summary">\n  <h1>DisallowedHost\n       at /assessment/</h1>\n  <pre class="exception_value">Invalid HTTP_HOST header: &#x27;testserver&#x27;. You may need to add &#x27;testserver&#x27; to ALLOWED_HOSTS.</pre>\n  <table class="meta">\n\n    <tr>\n      <th>Request Method:</th>\n      <td>POST</td>\n    </tr>\n    <tr>\n      <th>Request URL:</th>\n      <td>http://testserver/assessment/</td>\n    </tr>\n\n    <tr>\n      <th>Django Version:</th>\n      <td>4.2.7</td>\n    </tr>\n\n    <tr>\n      <th>Exception Type:</th>\n      <td>DisallowedHost</td>\n    </tr>\n\n\n    <tr>\n      <th>Exception Value:</th>\n      <td><pre>Invalid HTTP_HOST header: &#x27;testserver&#x27;. You may need to add &#x27;testserver&#x27; to ALLOWED_HOSTS.</pre></td>\n    </tr>\n\n\n    <tr>\n      <th>Exception Location:</th>\n      <td><span class="fname">C:\\Users\\asus\\AppData\\Local\\Programs\\Python\\Python313\\Lib\\site-packages\\django\\http\\request.py</span>, line 150, in get_host</td>\n    </tr>\n\n\n    <tr>\n      <th>Raised during:</th>\n      <td>main.views.security_assessment</td>\n    </tr>\n\n    <tr>\n      <th>Python Executable:</th>\n      <td>C:\\Users\\asus\\AppData\\Local\\Programs\\Python\\Python313\\python.exe</td>\n    </tr>\n    <tr>\n      <th>Python Version:</th>\n      <td>3.13.12</td>\n    </tr>\n    <tr>\n      <th>Python Path:</th>\n      <td><pre>[&#x27;E:\\\\Cyber-Safe-Portal&#x27;,\n &#x27;C:\\\\Users\\\\asus\\\\AppData\\\\Local\\\\Programs\\\\Python\\\\Python313\\\\python313.zip&#x27;,\n &#x27;C:\\\\Users\\\\asus\\\\AppData\\\\Local\\\\Programs\\\\Python\\\\Python313\\\\DLLs&#x27;,\n &#x27;C:\\\\Users\\\\asus\\\\AppData\\\\Local\\\\Programs\\\\Python\\\\Python313\\\\Lib&#x27;,\n &#x27;C:\\\\Users\\\\asus\\\\AppData\\\\Local\\\\Programs\\\\Python\\\\Python313&#x27;,\n &#x27;C:\\\\Users\\\\asus\\\\AppData\\\\Roaming\\\\Python\\\\Python313\\\\site-packages&#x27;,\n &#x27;C:\\\\Users\\\\asus\\\\AppData\\\\Local\\\\Programs\\\\Python\\\\Python313\\\\Lib\\\\site-packages&#x27;]</pre></td>\n    </tr>\n    <tr>\n      <th>Server time:</th>\n      <td>Tue, 12 May 2026 13:17:27 +0000</td>\n    </tr>\n  </table>\n</div>\n\n\n\n\n<div id="traceback">\n  <h2>Traceback <span class="commands"><a href="#" onclick="return switchPastebinFriendly(this);">\n    Switch to copy-and-paste view</a></span>\n  </h2>\n  <div id="browserTraceback">\n    <ul class="traceback">\n      \n        \n        <li class="frame django">\n          \n            <code class="fname">C:\\Users\\asus\\AppData\\Local\\Programs\\Python\\Python313\\Lib\\site-packages\\django\\core\\handlers\\exception.py</code>, line 55, in inner\n          \n\n          \n            <div class="context" id="c2001258686848">\n              \n                <ol start="48" class="pre-context" id="pre2001258686848">\n                \n                  <li onclick="toggle(\'pre2001258686848\', \'post2001258686848\')"><pre></pre></li>\n                \n                  <li onclick="toggle(\'pre2001258686848\', \'post2001258686848\')"><pre>        return inner</pre></li>\n                \n                  <li onclick="toggle(\'pre2001258686848\', \'post2001258686848\')"><pre>    else:</pre></li>\n                \n                  <li onclick="toggle(\'pre2001258686848\', \'post2001258686848\')"><pre></pre></li>\n                \n                  <li onclick="toggle(\'pre2001258686848\', \'post2001258686848\')"><pre>        @wraps(get_response)</pre></li>\n                \n                  <li onclick="toggle(\'pre2001258686848\', \'post2001258686848\')"><pre>        def inner(request):</pre></li>\n                \n                  <li onclick="toggle(\'pre2001258686848\', \'post2001258686848\')"><pre>            try:</pre></li>\n                \n                </ol>\n              \n              <ol start="55" class="context-line">\n                <li onclick="toggle(\'pre2001258686848\', \'post2001258686848\')"><pre>                response = get_response(request)\n                               ^^^^^^^^^^^^^^^^^^^^^</pre> <span>\xe2\x80\xa6</span></li>\n              </ol>\n              \n                <ol start=\'56\' class="post-context" id="post2001258686848">\n                  \n                  <li onclick="toggle(\'pre2001258686848\', \'post2001258686848\')"><pre>            except Exception as exc:</pre></li>\n                  \n                  <li onclick="toggle(\'pre2001258686848\', \'post2001258686848\')"><pre>                response = response_for_exception(request, exc)</pre></li>\n                  \n                  <li onclick="toggle(\'pre2001258686848\', \'post2001258686848\')"><pre>            return response</pre></li>\n                  \n                  <li onclick="toggle(\'pre2001258686848\', \'post2001258686848\')"><pre></pre></li>\n                  \n                  <li onclick="toggle(\'pre2001258686848\', \'post2001258686848\')"><pre>        return inner</pre></li>\n                  \n                  <li onclick="toggle(\'pre2001258686848\', \'post2001258686848\')"><pre></pre></li>\n                  \n              </ol>\n              \n            </div>\n          \n\n          \n            \n              <details>\n                <summary class="commands">Local vars</summary>\n            \n            <table class="vars" id="v2001258686848">\n              <thead>\n                <tr>\n                  <th>Variable</th>\n                  <th>Value</th>\n                </tr>\n              </thead>\n              <tbody>\n                \n                  <tr>\n                    <td>exc</td>\n                    <td class="code"><pre>DisallowedHost(&quot;Invalid HTTP_HOST header: &#x27;testserver&#x27;. You may need to add &#x27;testserver&#x27; to ALLOWED_HOSTS.&quot;)</pre></td>\n                  </tr>\n                \n                  <tr>\n                    <td>get_response</td>\n                    <td class="code"><pre>&lt;CommonMiddleware get_response=convert_exception_to_response.&lt;locals&gt;.inner&gt;</pre></td>\n                  </tr>\n                \n                  <tr>\n                    <td>request</td>\n                    <td class="code"><pre>&lt;WSGIRequest: POST &#x27;/assessment/&#x27;&gt;</pre></td>\n                  </tr>\n                \n              </tbody>\n            </table>\n            </details>\n          \n        </li>\n      \n        \n        <li class="frame django">\n          \n            <code class="fname">C:\\Users\\asus\\AppData\\Local\\Programs\\Python\\Python313\\Lib\\site-packages\\django\\utils\\deprecation.py</code>, line 133, in __call__\n          \n\n          \n            <div class="context" id="c2001258687936">\n              \n                <ol start="126" class="pre-context" id="pre2001258687936">\n                \n                  <li onclick="toggle(\'pre2001258687936\', \'post2001258687936\')"><pre></pre></li>\n                \n                  <li onclick="toggle(\'pre2001258687936\', \'post2001258687936\')"><pre>    def __call__(self, request):</pre></li>\n                \n                  <li onclick="toggle(\'pre2001258687936\', \'post2001258687936\')"><pre>        # Exit out to async mode, if needed</pre></li>\n                \n                  <li onclick="toggle(\'pre2001258687936\', \'post2001258687936\')"><pre>        if iscoroutinefunction(self):</pre></li>\n                \n                  <li onclick="toggle(\'pre2001258687936\', \'post2001258687936\')"><pre>            return self.__acall__(request)</pre></li>\n                \n                  <li onclick="toggle(\'pre2001258687936\', \'post2001258687936\')"><pre>        response = None</pre></li>\n                \n                  <li onclick="toggle(\'pre2001258687936\', \'post2001258687936\')"><pre>        if hasattr(self, &quot;process_request&quot;):</pre></li>\n                \n                </ol>\n              \n              <ol start="133" class="context-line">\n                <li onclick="toggle(\'pre2001258687936\', \'post2001258687936\')"><pre>            response = self.process_request(request)\n                            ^^^^^^^^^^^^^^^^^^^^^^^^^^^^^</pre> <span>\xe2\x80\xa6</span></li>\n              </ol>\n              \n                <ol start=\'134\' class="post-context" id="post2001258687936">\n                  \n                  <li onclick="toggle(\'pre2001258687936\', \'post2001258687936\')"><pre>        response = response or self.get_response(request)</pre></li>\n                  \n                  <li onclick="toggle(\'pre2001258687936\', \'post2001258687936\')"><pre>        if hasattr(self, &quot;process_response&quot;):</pre></li>\n                  \n                  <li onclick="toggle(\'pre2001258687936\', \'post2001258687936\')"><pre>            response = self.process_response(request, response)</pre></li>\n                  \n                  <li onclick="toggle(\'pre2001258687936\', \'post2001258687936\')"><pre>        return response</pre></li>\n                  \n                  <li onclick="toggle(\'pre2001258687936\', \'post2001258687936\')"><pre></pre></li>\n                  \n                  <li onclick="toggle(\'pre2001258687936\', \'post2001258687936\')"><pre>    async def __acall__(self, request):</pre></li>\n                  \n              </ol>\n              \n            </div>\n          \n\n          \n            \n              <details>\n                <summary class="commands">Local vars</summary>\n            \n            <table class="vars" id="v2001258687936">\n              <thead>\n                <tr>\n                  <th>Variable</th>\n                  <th>Value</th>\n                </tr>\n              </thead>\n              <tbody>\n                \n                  <tr>\n                    <td>request</td>\n                    <td class="code"><pre>&lt;WSGIRequest: POST &#x27;/assessment/&#x27;&gt;</pre></td>\n                  </tr>\n                \n                  <tr>\n                    <td>response</td>\n                    <td class="code"><pre>None</pre></td>\n                  </tr>\n                \n                  <tr>\n                    <td>self</td>\n                    <td class="code"><pre>&lt;CommonMiddleware get_response=convert_exception_to_response.&lt;locals&gt;.inner&gt;</pre></td>\n                  </tr>\n                \n              </tbody>\n            </table>\n            </details>\n          \n        </li>\n      \n        \n        <li class="frame django">\n          \n            <code class="fname">C:\\Users\\asus\\AppData\\Local\\Programs\\Python\\Python313\\Lib\\site-packages\\django\\middleware\\common.py</code>, line 48, in process_request\n          \n\n          \n            <div class="context" id="c2001258685568">\n              \n                <ol start="41" class="pre-context" id="pre2001258685568">\n                \n                  <li onclick="toggle(\'pre2001258685568\', \'post2001258685568\')"><pre>        user_agent = request.META.get(&quot;HTTP_USER_AGENT&quot;)</pre></li>\n                \n                  <li onclick="toggle(\'pre2001258685568\', \'post2001258685568\')"><pre>        if user_agent is not None:</pre></li>\n                \n                  <li onclick="toggle(\'pre2001258685568\', \'post2001258685568\')"><pre>            for user_agent_regex in settings.DISALLOWED_USER_AGENTS:</pre></li>\n                \n                  <li onclick="toggle(\'pre2001258685568\', \'post2001258685568\')"><pre>                if user_agent_regex.search(user_agent):</pre></li>\n                \n                  <li onclick="toggle(\'pre2001258685568\', \'post2001258685568\')"><pre>                    raise PermissionDenied(&quot;Forbidden user agent&quot;)</pre></li>\n                \n                  <li onclick="toggle(\'pre2001258685568\', \'post2001258685568\')"><pre></pre></li>\n                \n                  <li onclick="toggle(\'pre2001258685568\', \'post2001258685568\')"><pre>        # Check for a redirect based on settings.PREPEND_WWW</pre></li>\n                \n                </ol>\n              \n              <ol start="48" class="context-line">\n                <li onclick="toggle(\'pre2001258685568\', \'post2001258685568\')"><pre>        host = request.get_host()\n                   ^^^^^^^^^^^^^^^^^^</pre> <span>\xe2\x80\xa6</span></li>\n              </ol>\n              \n                <ol start=\'49\' class="post-context" id="post2001258685568">\n                  \n                  <li onclick="toggle(\'pre2001258685568\', \'post2001258685568\')"><pre></pre></li>\n                  \n                  <li onclick="toggle(\'pre2001258685568\', \'post2001258685568\')"><pre>        if settings.PREPEND_WWW and host and not host.startswith(&quot;www.&quot;):</pre></li>\n                  \n                  <li onclick="toggle(\'pre2001258685568\', \'post2001258685568\')"><pre>            # Check if we also need to append a slash so we can do it all</pre></li>\n                  \n                  <li onclick="toggle(\'pre2001258685568\', \'post2001258685568\')"><pre>            # with a single redirect. (This check may be somewhat expensive,</pre></li>\n                  \n                  <li onclick="toggle(\'pre2001258685568\', \'post2001258685568\')"><pre>            # so we only do it if we already know we&#x27;re sending a redirect,</pre></li>\n                  \n                  <li onclick="toggle(\'pre2001258685568\', \'post2001258685568\')"><pre>            # or in process_response if we get a 404.)</pre></li>\n                  \n              </ol>\n              \n            </div>\n          \n\n          \n            \n              <details>\n                <summary class="commands">Local vars</summary>\n            \n            <table class="vars" id="v2001258685568">\n              <thead>\n                <tr>\n                  <th>Variable</th>\n                  <th>Value</th>\n                </tr>\n              </thead>\n              <tbody>\n                \n                  <tr>\n                    <td>request</td>\n                    <td class="code"><pre>&lt;WSGIRequest: POST &#x27;/assessment/&#x27;&gt;</pre></td>\n                  </tr>\n                \n                  <tr>\n                    <td>self</td>\n                    <td class="code"><pre>&lt;CommonMiddleware get_response=convert_exception_to_response.&lt;locals&gt;.inner&gt;</pre></td>\n                  </tr>\n                \n                  <tr>\n                    <td>user_agent</td>\n                    <td class="code"><pre>None</pre></td>\n                  </tr>\n                \n              </tbody>\n            </table>\n            </details>\n          \n        </li>\n      \n        \n        <li class="frame django">\n          \n            <code class="fname">C:\\Users\\asus\\AppData\\Local\\Programs\\Python\\Python313\\Lib\\site-packages\\django\\http\\request.py</code>, line 150, in get_host\n          \n\n          \n            <div class="context" id="c2001258686144">\n              \n                <ol start="143" class="pre-context" id="pre2001258686144">\n                \n                  <li onclick="toggle(\'pre2001258686144\', \'post2001258686144\')"><pre>            msg = &quot;Invalid HTTP_HOST header: %r.&quot; % host</pre></li>\n                \n                  <li onclick="toggle(\'pre2001258686144\', \'post2001258686144\')"><pre>            if domain:</pre></li>\n                \n                  <li onclick="toggle(\'pre2001258686144\', \'post2001258686144\')"><pre>                msg += &quot; You may need to add %r to ALLOWED_HOSTS.&quot; % domain</pre></li>\n                \n                  <li onclick="toggle(\'pre2001258686144\', \'post2001258686144\')"><pre>            else:</pre></li>\n                \n                  <li onclick="toggle(\'pre2001258686144\', \'post2001258686144\')"><pre>                msg += (</pre></li>\n                \n                  <li onclick="toggle(\'pre2001258686144\', \'post2001258686144\')"><pre>                    &quot; The domain name provided is not valid according to RFC 1034/1035.&quot;</pre></li>\n                \n                  <li onclick="toggle(\'pre2001258686144\', \'post2001258686144\')"><pre>                )</pre></li>\n                \n                </ol>\n              \n              <ol start="150" class="context-line">\n                <li onclick="toggle(\'pre2001258686144\', \'post2001258686144\')"><pre>            raise DisallowedHost(msg)\n                 ^^^^^^^^^^^^^^^^^^^^^^^^^</pre> <span>\xe2\x80\xa6</span></li>\n              </ol>\n              \n                <ol start=\'151\' class="post-context" id="post2001258686144">\n                  \n                  <li onclick="toggle(\'pre2001258686144\', \'post2001258686144\')"><pre></pre></li>\n                  \n                  <li onclick="toggle(\'pre2001258686144\', \'post2001258686144\')"><pre>    def get_port(self):</pre></li>\n                  \n                  <li onclick="toggle(\'pre2001258686144\', \'post2001258686144\')"><pre>        &quot;&quot;&quot;Return the port number for the request as a string.&quot;&quot;&quot;</pre></li>\n                  \n                  <li onclick="toggle(\'pre2001258686144\', \'post2001258686144\')"><pre>        if settings.USE_X_FORWARDED_PORT and &quot;HTTP_X_FORWARDED_PORT&quot; in self.META:</pre></li>\n                  \n                  <li onclick="toggle(\'pre2001258686144\', \'post2001258686144\')"><pre>            port = self.META[&quot;HTTP_X_FORWARDED_PORT&quot;]</pre></li>\n                  \n                  <li onclick="toggle(\'pre2001258686144\', \'post2001258686144\')"><pre>        else:</pre></li>\n                  \n              </ol>\n              \n            </div>\n          \n\n          \n            \n              <details>\n                <summary class="commands">Local vars</summary>\n            \n            <table class="vars" id="v2001258686144">\n              <thead>\n                <tr>\n                  <th>Variable</th>\n                  <th>Value</th>\n                </tr>\n              </thead>\n              <tbody>\n                \n                  <tr>\n                    <td>allowed_hosts</td>\n                    <td class="code"><pre>[&#x27;localhost&#x27;, &#x27;127.0.0.1&#x27;, &#x27;cybersafechatbot.eastus.cloudapp.azure.com&#x27;]</pre></td>\n                  </tr>\n                \n                  <tr>\n                    <td>domain</td>\n                    <td class="code"><pre>&#x27;testserver&#x27;</pre></td>\n                  </tr>\n                \n                  <tr>\n                    <td>host</td>\n                    <td class="code"><pre>&#x27;testserver&#x27;</pre></td>\n                  </tr>\n                \n                  <tr>\n                    <td>msg</td>\n                    <td class="code"><pre>(&quot;Invalid HTTP_HOST header: &#x27;testserver&#x27;. You may need to add &#x27;testserver&#x27; to &quot;\n &#x27;ALLOWED_HOSTS.&#x27;)</pre></td>\n                  </tr>\n                \n                  <tr>\n                    <td>port</td>\n                    <td class="code"><pre>&#x27;&#x27;</pre></td>\n                  </tr>\n                \n                  <tr>\n                    <td>self</td>\n                    <td class="code"><pre>&lt;WSGIRequest: POST &#x27;/assessment/&#x27;&gt;</pre></td>\n                  </tr>\n                \n              </tbody>\n            </table>\n            </details>\n          \n        </li>\n      \n    </ul>\n  </div>\n\n  <form action="https://dpaste.com/" name="pasteform" id="pasteform" method="post">\n  <div id="pastebinTraceback" class="pastebin">\n    <input type="hidden" name="language" value="PythonConsole">\n    <input type="hidden" name="title"\n      value="DisallowedHost at /assessment/">\n    <input type="hidden" name="source" value="Django Dpaste Agent">\n    <input type="hidden" name="poster" value="Django">\n    <textarea name="content" id="traceback_area" cols="140" rows="25">\nEnvironment:\n\n\nRequest Method: POST\nRequest URL: http://testserver/assessment/\n\nDjango Version: 4.2.7\nPython Version: 3.13.12\nInstalled Applications:\n[&#x27;django.contrib.admin&#x27;,\n &#x27;django.contrib.auth&#x27;,\n &#x27;django.contrib.contenttypes&#x27;,\n &#x27;django.contrib.sessions&#x27;,\n &#x27;django.contrib.messages&#x27;,\n &#x27;django.contrib.staticfiles&#x27;,\n &#x27;main&#x27;,\n &#x27;rest_framework&#x27;,\n &#x27;corsheaders&#x27;,\n &#x27;crispy_forms&#x27;,\n &#x27;crispy_bootstrap5&#x27;]\nInstalled Middleware:\n[&#x27;django.middleware.security.SecurityMiddleware&#x27;,\n &#x27;whitenoise.middleware.WhiteNoiseMiddleware&#x27;,\n &#x27;corsheaders.middleware.CorsMiddleware&#x27;,\n &#x27;django.contrib.sessions.middleware.SessionMiddleware&#x27;,\n &#x27;django.middleware.common.CommonMiddleware&#x27;,\n &#x27;django.middleware.csrf.CsrfViewMiddleware&#x27;,\n &#x27;django.contrib.auth.middleware.AuthenticationMiddleware&#x27;,\n &#x27;django.contrib.messages.middleware.MessageMiddleware&#x27;,\n &#x27;django.middleware.clickjacking.XFrameOptionsMiddleware&#x27;]\n\n\n\nTraceback (most recent call last):\n  File "C:\\Users\\asus\\AppData\\Local\\Programs\\Python\\Python313\\Lib\\site-packages\\django\\core\\handlers\\exception.py", line 55, in inner\n    response = get_response(request)\n               ^^^^^^^^^^^^^^^^^^^^^\n  File "C:\\Users\\asus\\AppData\\Local\\Programs\\Python\\Python313\\Lib\\site-packages\\django\\utils\\deprecation.py", line 133, in __call__\n    response = self.process_request(request)\n               ^^^^^^^^^^^^^^^^^^^^^^^^^^^^^\n  File "C:\\Users\\asus\\AppData\\Local\\Programs\\Python\\Python313\\Lib\\site-packages\\django\\middleware\\common.py", line 48, in process_request\n    host = request.get_host()\n           ^^^^^^^^^^^^^^^^^^\n  File "C:\\Users\\asus\\AppData\\Local\\Programs\\Python\\Python313\\Lib\\site-packages\\django\\http\\request.py", line 150, in get_host\n    raise DisallowedHost(msg)\n    ^^^^^^^^^^^^^^^^^^^^^^^^^\n\nException Type: DisallowedHost at /assessment/\nException Value: Invalid HTTP_HOST header: &#x27;testserver&#x27;. You may need to add &#x27;testserver&#x27; to ALLOWED_HOSTS.\n</textarea>\n  <br><br>\n  <input type="submit" value="Share this traceback on a public website">\n  </div>\n</form>\n\n</div>\n\n\n<div id="requestinfo">\n  <h2>Request information</h2>\n\n\n  \n    <h3 id="user-info">USER</h3>\n    <p>[unable to retrieve the current user]</p>\n  \n\n  <h3 id="get-info">GET</h3>\n  \n    <p>No GET data</p>\n  \n\n  <h3 id="post-info">POST</h3>\n  \n    <p>No POST data</p>\n  \n\n  <h3 id="files-info">FILES</h3>\n  \n    <p>No FILES data</p>\n  \n\n  <h3 id="cookie-info">COOKIES</h3>\n  \n    <p>No cookie data</p>\n  \n\n  <h3 id="meta-info">META</h3>\n  <table class="req">\n    <thead>\n      <tr>\n        <th>Variable</th>\n        <th>Value</th>\n      </tr>\n    </thead>\n    <tbody>\n      \n        <tr>\n          <td>CONTENT_LENGTH</td>\n          <td class="code"><pre>&#x27;15&#x27;</pre></td>\n        </tr>\n      \n        <tr>\n          <td>CONTENT_TYPE</td>\n          <td class="code"><pre>&#x27;application/json&#x27;</pre></td>\n        </tr>\n      \n        <tr>\n          <td>HTTP_COOKIE</td>\n          <td class="code"><pre>&#x27;********************&#x27;</pre></td>\n        </tr>\n      \n        <tr>\n          <td>PATH_INFO</td>\n          <td class="code"><pre>&#x27;/assessment/&#x27;</pre></td>\n        </tr>\n      \n        <tr>\n          <td>QUERY_STRING</td>\n          <td class="code"><pre>&#x27;&#x27;</pre></td>\n        </tr>\n      \n        <tr>\n          <td>REMOTE_ADDR</td>\n          <td class="code"><pre>&#x27;127.0.0.1&#x27;</pre></td>\n        </tr>\n      \n        <tr>\n          <td>REQUEST_METHOD</td>\n          <td class="code"><pre>&#x27;POST&#x27;</pre></td>\n        </tr>\n      \n        <tr>\n          <td>SCRIPT_NAME</td>\n          <td class="code"><pre>&#x27;&#x27;</pre></td>\n        </tr>\n      \n        <tr>\n          <td>SERVER_NAME</td>\n          <td class="code"><pre>&#x27;testserver&#x27;</pre></td>\n        </tr>\n      \n        <tr>\n          <td>SERVER_PORT</td>\n          <td class="code"><pre>&#x27;80&#x27;</pre></td>\n        </tr>\n      \n        <tr>\n          <td>SERVER_PROTOCOL</td>\n          <td class="code"><pre>&#x27;HTTP/1.1&#x27;</pre></td>\n        </tr>\n      \n        <tr>\n          <td>wsgi.errors</td>\n          <td class="code"><pre>&lt;_io.BytesIO object at 0x000001D1F41E6390&gt;</pre></td>\n        </tr>\n      \n        <tr>\n          <td>wsgi.input</td>\n          <td class="code"><pre>&lt;django.test.client.FakePayload object at 0x000001D1F44241F0&gt;</pre></td>\n        </tr>\n      \n        <tr>\n          <td>wsgi.multiprocess</td>\n          <td class="code"><pre>True</pre></td>\n        </tr>\n      \n        <tr>\n          <td>wsgi.multithread</td>\n          <td class="code"><pre>False</pre></td>\n        </tr>\n      \n        <tr>\n          <td>wsgi.run_once</td>\n          <td class="code"><pre>False</pre></td>\n        </tr>\n      \n        <tr>\n          <td>wsgi.url_scheme</td>\n          <td class="code"><pre>&#x27;http&#x27;</pre></td>\n        </tr>\n      \n        <tr>\n          <td>wsgi.version</td>\n          <td class="code"><pre>(1, 0)</pre></td>\n        </tr>\n      \n    </tbody>\n  </table>\n\n\n  <h3 id="settings-info">Settings</h3>\n  <h4>Using settings module <code>cysafe_project.settings</code></h4>\n  <table class="req">\n    <thead>\n      <tr>\n        <th>Setting</th>\n        <th>Value</th>\n      </tr>\n    </thead>\n    <tbody>\n      \n        <tr>\n          <td>ABSOLUTE_URL_OVERRIDES</td>\n          <td class="code"><pre>{}</pre></td>\n        </tr>\n      \n        <tr>\n          <td>ADMINS</td>\n          <td class="code"><pre>[]</pre></td>\n        </tr>\n      \n        <tr>\n          <td>ALLOWED_HOSTS</td>\n          <td class="code"><pre>[&#x27;localhost&#x27;, &#x27;127.0.0.1&#x27;, &#x27;cybersafechatbot.eastus.cloudapp.azure.com&#x27;]</pre></td>\n        </tr>\n      \n        <tr>\n          <td>APPEND_SLASH</td>\n          <td class="code"><pre>True</pre></td>\n        </tr>\n      \n        <tr>\n          <td>AUTHENTICATION_BACKENDS</td>\n          <td class="code"><pre>[&#x27;django.contrib.auth.backends.ModelBackend&#x27;]</pre></td>\n        </tr>\n      \n        <tr>\n          <td>AUTH_PASSWORD_VALIDATORS</td>\n          <td class="code"><pre>&#x27;********************&#x27;</pre></td>\n        </tr>\n      \n        <tr>\n          <td>AUTH_USER_MODEL</td>\n          <td class="code"><pre>&#x27;main.AdminUser&#x27;</pre></td>\n        </tr>\n      \n        <tr>\n          <td>BASE_DIR</td>\n          <td class="code"><pre>WindowsPath(&#x27;E:/Cyber-Safe-Portal&#x27;)</pre></td>\n        </tr>\n      \n        <tr>\n          <td>CACHES</td>\n          <td class="code"><pre>{&#x27;default&#x27;: {&#x27;BACKEND&#x27;: &#x27;django.core.cache.backends.locmem.LocMemCache&#x27;}}</pre></td>\n        </tr>\n      \n        <tr>\n          <td>CACHE_MIDDLEWARE_ALIAS</td>\n          <td class="code"><pre>&#x27;default&#x27;</pre></td>\n        </tr>\n      \n        <tr>\n          <td>CACHE_MIDDLEWARE_KEY_PREFIX</td>\n          <td class="code"><pre>&#x27;********************&#x27;</pre></td>\n        </tr>\n      \n        <tr>\n          <td>CACHE_MIDDLEWARE_SECONDS</td>\n          <td class="code"><pre>600</pre></td>\n        </tr>\n      \n        <tr>\n          <td>CORS_ALLOWED_ORIGINS</td>\n          <td class="code"><pre>[&#x27;http://localhost:8000&#x27;, &#x27;http://127.0.0.1:8000&#x27;]</pre></td>\n        </tr>\n      \n        <tr>\n          <td>CRISPY_ALLOWED_TEMPLATE_PACKS</td>\n          <td class="code"><pre>&#x27;bootstrap5&#x27;</pre></td>\n        </tr>\n      \n        <tr>\n          <td>CRISPY_TEMPLATE_PACK</td>\n          <td class="code"><pre>&#x27;bootstrap5&#x27;</pre></td>\n        </tr>\n      \n        <tr>\n          <td>CSRF_COOKIE_AGE</td>\n          <td class="code"><pre>31449600</pre></td>\n        </tr>\n      \n        <tr>\n          <td>CSRF_COOKIE_DOMAIN</td>\n          <td class="code"><pre>None</pre></td>\n        </tr>\n      \n        <tr>\n          <td>CSRF_COOKIE_HTTPONLY</td>\n          <td class="code"><pre>False</pre></td>\n        </tr>\n      \n        <tr>\n          <td>CSRF_COOKIE_MASKED</td>\n          <td class="code"><pre>False</pre></td>\n        </tr>\n      \n        <tr>\n          <td>CSRF_COOKIE_NAME</td>\n          <td class="code"><pre>&#x27;csrftoken&#x27;</pre></td>\n        </tr>\n      \n        <tr>\n          <td>CSRF_COOKIE_PATH</td>\n          <td class="code"><pre>&#x27;/&#x27;</pre></td>\n        </tr>\n      \n        <tr>\n          <td>CSRF_COOKIE_SAMESITE</td>\n          <td class="code"><pre>&#x27;Lax&#x27;</pre></td>\n        </tr>\n      \n        <tr>\n          <td>CSRF_COOKIE_SECURE</td>\n          <td class="code"><pre>False</pre></td>\n        </tr>\n      \n        <tr>\n          <td>CSRF_FAILURE_VIEW</td>\n          <td class="code"><pre>&#x27;django.views.csrf.csrf_failure&#x27;</pre></td>\n        </tr>\n      \n        <tr>\n          <td>CSRF_HEADER_NAME</td>\n          <td class="code"><pre>&#x27;HTTP_X_CSRFTOKEN&#x27;</pre></td>\n        </tr>\n      \n        <tr>\n          <td>CSRF_TRUSTED_ORIGINS</td>\n          <td class="code"><pre>[]</pre></td>\n        </tr>\n      \n        <tr>\n          <td>CSRF_USE_SESSIONS</td>\n          <td class="code"><pre>False</pre></td>\n        </tr>\n      \n        <tr>\n          <td>DATABASES</td>\n          <td class="code"><pre>{&#x27;default&#x27;: {&#x27;ATOMIC_REQUESTS&#x27;: False,\n             &#x27;AUTOCOMMIT&#x27;: True,\n             &#x27;CONN_HEALTH_CHECKS&#x27;: False,\n             &#x27;CONN_MAX_AGE&#x27;: 0,\n             &#x27;ENGINE&#x27;: &#x27;django.db.backends.sqlite3&#x27;,\n             &#x27;HOST&#x27;: &#x27;&#x27;,\n             &#x27;NAME&#x27;: WindowsPath(&#x27;E:/Cyber-Safe-Portal/db.sqlite3&#x27;),\n             &#x27;OPTIONS&#x27;: {},\n             &#x27;PASSWORD&#x27;: &#x27;********************&#x27;,\n             &#x27;PORT&#x27;: &#x27;&#x27;,\n             &#x27;TEST&#x27;: {&#x27;CHARSET&#x27;: None,\n                      &#x27;COLLATION&#x27;: None,\n                      &#x27;MIGRATE&#x27;: True,\n                      &#x27;MIRROR&#x27;: None,\n                      &#x27;NAME&#x27;: None},\n             &#x27;TIME_ZONE&#x27;: None,\n             &#x27;USER&#x27;: &#x27;&#x27;}}</pre></td>\n        </tr>\n      \n        <tr>\n          <td>DATABASE_ROUTERS</td>\n          <td class="code"><pre>[]</pre></td>\n        </tr>\n      \n        <tr>\n          <td>DATA_UPLOAD_MAX_MEMORY_SIZE</td>\n          <td class="code"><pre>2621440</pre></td>\n        </tr>\n      \n        <tr>\n          <td>DATA_UPLOAD_MAX_NUMBER_FIELDS</td>\n          <td class="code"><pre>1000</pre></td>\n        </tr>\n      \n        <tr>\n          <td>DATA_UPLOAD_MAX_NUMBER_FILES</td>\n          <td class="code"><pre>100</pre></td>\n        </tr>\n      \n        <tr>\n          <td>DATETIME_FORMAT</td>\n          <td class="code"><pre>&#x27;N j, Y, P&#x27;</pre></td>\n        </tr>\n      \n        <tr>\n          <td>DATETIME_INPUT_FORMATS</td>\n          <td class="code"><pre>[&#x27;%Y-%m-%d %H:%M:%S&#x27;,\n &#x27;%Y-%m-%d %H:%M:%S.%f&#x27;,\n &#x27;%Y-%m-%d %H:%M&#x27;,\n &#x27;%m/%d/%Y %H:%M:%S&#x27;,\n &#x27;%m/%d/%Y %H:%M:%S.%f&#x27;,\n &#x27;%m/%d/%Y %H:%M&#x27;,\n &#x27;%m/%d/%y %H:%M:%S&#x27;,\n &#x27;%m/%d/%y %H:%M:%S.%f&#x27;,\n &#x27;%m/%d/%y %H:%M&#x27;]</pre></td>\n        </tr>\n      \n        <tr>\n          <td>DATE_FORMAT</td>\n          <td class="code"><pre>&#x27;N j, Y&#x27;</pre></td>\n        </tr>\n      \n        <tr>\n          <td>DATE_INPUT_FORMATS</td>\n          <td class="code"><pre>[&#x27;%Y-%m-%d&#x27;,\n &#x27;%m/%d/%Y&#x27;,\n &#x27;%m/%d/%y&#x27;,\n &#x27;%b %d %Y&#x27;,\n &#x27;%b %d, %Y&#x27;,\n &#x27;%d %b %Y&#x27;,\n &#x27;%d %b, %Y&#x27;,\n &#x27;%B %d %Y&#x27;,\n &#x27;%B %d, %Y&#x27;,\n &#x27;%d %B %Y&#x27;,\n &#x27;%d %B, %Y&#x27;]</pre></td>\n        </tr>\n      \n        <tr>\n          <td>DEBUG</td>\n          <td class="code"><pre>True</pre></td>\n        </tr>\n      \n        <tr>\n          <td>DEBUG_PROPAGATE_EXCEPTIONS</td>\n          <td class="code"><pre>False</pre></td>\n        </tr>\n      \n        <tr>\n          <td>DECIMAL_SEPARATOR</td>\n          <td class="code"><pre>&#x27;.&#x27;</pre></td>\n        </tr>\n      \n        <tr>\n          <td>DEFAULT_AUTO_FIELD</td>\n          <td class="code"><pre>&#x27;django.db.models.BigAutoField&#x27;</pre></td>\n        </tr>\n      \n        <tr>\n          <td>DEFAULT_CHARSET</td>\n          <td class="code"><pre>&#x27;utf-8&#x27;</pre></td>\n        </tr>\n      \n        <tr>\n          <td>DEFAULT_EXCEPTION_REPORTER</td>\n          <td class="code"><pre>&#x27;django.views.debug.ExceptionReporter&#x27;</pre></td>\n        </tr>\n      \n        <tr>\n          <td>DEFAULT_EXCEPTION_REPORTER_FILTER</td>\n          <td class="code"><pre>&#x27;django.views.debug.SafeExceptionReporterFilter&#x27;</pre></td>\n        </tr>\n      \n        <tr>\n          <td>DEFAULT_FILE_STORAGE</td>\n          <td class="code"><pre>&#x27;django.core.files.storage.FileSystemStorage&#x27;</pre></td>\n        </tr>\n      \n        <tr>\n          <td>DEFAULT_FROM_EMAIL</td>\n          <td class="code"><pre>&#x27;webmaster@localhost&#x27;</pre></td>\n        </tr>\n      \n        <tr>\n          <td>DEFAULT_INDEX_TABLESPACE</td>\n          <td class="code"><pre>&#x27;&#x27;</pre></td>\n        </tr>\n      \n        <tr>\n          <td>DEFAULT_TABLESPACE</td>\n          <td class="code"><pre>&#x27;&#x27;</pre></td>\n        </tr>\n      \n        <tr>\n          <td>DISALLOWED_USER_AGENTS</td>\n          <td class="code"><pre>[]</pre></td>\n        </tr>\n      \n        <tr>\n          <td>EMAIL_BACKEND</td>\n          <td class="code"><pre>&#x27;django.core.mail.backends.smtp.EmailBackend&#x27;</pre></td>\n        </tr>\n      \n        <tr>\n          <td>EMAIL_HOST</td>\n          <td class="code"><pre>&#x27;localhost&#x27;</pre></td>\n        </tr>\n      \n        <tr>\n          <td>EMAIL_HOST_PASSWORD</td>\n          <td class="code"><pre>&#x27;********************&#x27;</pre></td>\n        </tr>\n      \n        <tr>\n          <td>EMAIL_HOST_USER</td>\n          <td class="code"><pre>&#x27;&#x27;</pre></td>\n        </tr>\n      \n        <tr>\n          <td>EMAIL_PORT</td>\n          <td class="code"><pre>25</pre></td>\n        </tr>\n      \n        <tr>\n          <td>EMAIL_SSL_CERTFILE</td>\n          <td class="code"><pre>None</pre></td>\n        </tr>\n      \n        <tr>\n          <td>EMAIL_SSL_KEYFILE</td>\n          <td class="code"><pre>&#x27;********************&#x27;</pre></td>\n        </tr>\n      \n        <tr>\n          <td>EMAIL_SUBJECT_PREFIX</td>\n          <td class="code"><pre>&#x27;[Django] &#x27;</pre></td>\n        </tr>\n      \n        <tr>\n          <td>EMAIL_TIMEOUT</td>\n          <td class="code"><pre>None</pre></td>\n        </tr>\n      \n        <tr>\n          <td>EMAIL_USE_LOCALTIME</td>\n          <td class="code"><pre>False</pre></td>\n        </tr>\n      \n        <tr>\n          <td>EMAIL_USE_SSL</td>\n          <td class="code"><pre>False</pre></td>\n        </tr>\n      \n        <tr>\n          <td>EMAIL_USE_TLS</td>\n          <td class="code"><pre>False</pre></td>\n        </tr>\n      \n        <tr>\n          <td>FILE_UPLOAD_DIRECTORY_PERMISSIONS</td>\n          <td class="code"><pre>None</pre></td>\n        </tr>\n      \n        <tr>\n          <td>FILE_UPLOAD_HANDLERS</td>\n          <td class="code"><pre>[&#x27;django.core.files.uploadhandler.MemoryFileUploadHandler&#x27;,\n &#x27;django.core.files.uploadhandler.TemporaryFileUploadHandler&#x27;]</pre></td>\n        </tr>\n      \n        <tr>\n          <td>FILE_UPLOAD_MAX_MEMORY_SIZE</td>\n          <td class="code"><pre>2621440</pre></td>\n        </tr>\n      \n        <tr>\n          <td>FILE_UPLOAD_PERMISSIONS</td>\n          <td class="code"><pre>420</pre></td>\n        </tr>\n      \n        <tr>\n          <td>FILE_UPLOAD_TEMP_DIR</td>\n          <td class="code"><pre>None</pre></td>\n        </tr>\n      \n        <tr>\n          <td>FIRST_DAY_OF_WEEK</td>\n          <td class="code"><pre>0</pre></td>\n        </tr>\n      \n        <tr>\n          <td>FIXTURE_DIRS</td>\n          <td class="code"><pre>[]</pre></td>\n        </tr>\n      \n        <tr>\n          <td>FORCE_SCRIPT_NAME</td>\n          <td class="code"><pre>None</pre></td>\n        </tr>\n      \n        <tr>\n          <td>FORMAT_MODULE_PATH</td>\n          <td class="code"><pre>None</pre></td>\n        </tr>\n      \n        <tr>\n          <td>FORM_RENDERER</td>\n          <td class="code"><pre>&#x27;django.forms.renderers.DjangoTemplates&#x27;</pre></td>\n        </tr>\n      \n        <tr>\n          <td>IGNORABLE_404_URLS</td>\n          <td class="code"><pre>[]</pre></td>\n        </tr>\n      \n        <tr>\n          <td>INSTALLED_APPS</td>\n          <td class="code"><pre>[&#x27;django.contrib.admin&#x27;,\n &#x27;django.contrib.auth&#x27;,\n &#x27;django.contrib.contenttypes&#x27;,\n &#x27;django.contrib.sessions&#x27;,\n &#x27;django.contrib.messages&#x27;,\n &#x27;django.contrib.staticfiles&#x27;,\n &#x27;main&#x27;,\n &#x27;rest_framework&#x27;,\n &#x27;corsheaders&#x27;,\n &#x27;crispy_forms&#x27;,\n &#x27;crispy_bootstrap5&#x27;]</pre></td>\n        </tr>\n      \n        <tr>\n          <td>INTERNAL_IPS</td>\n          <td class="code"><pre>[]</pre></td>\n        </tr>\n      \n        <tr>\n          <td>LANGUAGES</td>\n          <td class="code"><pre>[(&#x27;af&#x27;, &#x27;Afrikaans&#x27;),\n (&#x27;ar&#x27;, &#x27;Arabic&#x27;),\n (&#x27;ar-dz&#x27;, &#x27;Algerian Arabic&#x27;),\n (&#x27;ast&#x27;, &#x27;Asturian&#x27;),\n (&#x27;az&#x27;, &#x27;Azerbaijani&#x27;),\n (&#x27;bg&#x27;, &#x27;Bulgarian&#x27;),\n (&#x27;be&#x27;, &#x27;Belarusian&#x27;),\n (&#x27;bn&#x27;, &#x27;Bengali&#x27;),\n (&#x27;br&#x27;, &#x27;Breton&#x27;),\n (&#x27;bs&#x27;, &#x27;Bosnian&#x27;),\n (&#x27;ca&#x27;, &#x27;Catalan&#x27;),\n (&#x27;ckb&#x27;, &#x27;Central Kurdish (Sorani)&#x27;),\n (&#x27;cs&#x27;, &#x27;Czech&#x27;),\n (&#x27;cy&#x27;, &#x27;Welsh&#x27;),\n (&#x27;da&#x27;, &#x27;Danish&#x27;),\n (&#x27;de&#x27;, &#x27;German&#x27;),\n (&#x27;dsb&#x27;, &#x27;Lower Sorbian&#x27;),\n (&#x27;el&#x27;, &#x27;Greek&#x27;),\n (&#x27;en&#x27;, &#x27;English&#x27;),\n (&#x27;en-au&#x27;, &#x27;Australian English&#x27;),\n (&#x27;en-gb&#x27;, &#x27;British English&#x27;),\n (&#x27;eo&#x27;, &#x27;Esperanto&#x27;),\n (&#x27;es&#x27;, &#x27;Spanish&#x27;),\n (&#x27;es-ar&#x27;, &#x27;Argentinian Spanish&#x27;),\n (&#x27;es-co&#x27;, &#x27;Colombian Spanish&#x27;),\n (&#x27;es-mx&#x27;, &#x27;Mexican Spanish&#x27;),\n (&#x27;es-ni&#x27;, &#x27;Nicaraguan Spanish&#x27;),\n (&#x27;es-ve&#x27;, &#x27;Venezuelan Spanish&#x27;),\n (&#x27;et&#x27;, &#x27;Estonian&#x27;),\n (&#x27;eu&#x27;, &#x27;Basque&#x27;),\n (&#x27;fa&#x27;, &#x27;Persian&#x27;),\n (&#x27;fi&#x27;, &#x27;Finnish&#x27;),\n (&#x27;fr&#x27;, &#x27;French&#x27;),\n (&#x27;fy&#x27;, &#x27;Frisian&#x27;),\n (&#x27;ga&#x27;, &#x27;Irish&#x27;),\n (&#x27;gd&#x27;, &#x27;Scottish Gaelic&#x27;),\n (&#x27;gl&#x27;, &#x27;Galician&#x27;),\n (&#x27;he&#x27;, &#x27;Hebrew&#x27;),\n (&#x27;hi&#x27;, &#x27;Hindi&#x27;),\n (&#x27;hr&#x27;, &#x27;Croatian&#x27;),\n (&#x27;hsb&#x27;, &#x27;Upper Sorbian&#x27;),\n (&#x27;hu&#x27;, &#x27;Hungarian&#x27;),\n (&#x27;hy&#x27;, &#x27;Armenian&#x27;),\n (&#x27;ia&#x27;, &#x27;Interlingua&#x27;),\n (&#x27;id&#x27;, &#x27;Indonesian&#x27;),\n (&#x27;ig&#x27;, &#x27;Igbo&#x27;),\n (&#x27;io&#x27;, &#x27;Ido&#x27;),\n (&#x27;is&#x27;, &#x27;Icelandic&#x27;),\n (&#x27;it&#x27;, &#x27;Italian&#x27;),\n (&#x27;ja&#x27;, &#x27;Japanese&#x27;),\n (&#x27;ka&#x27;, &#x27;Georgian&#x27;),\n (&#x27;kab&#x27;, &#x27;Kabyle&#x27;),\n (&#x27;kk&#x27;, &#x27;Kazakh&#x27;),\n (&#x27;km&#x27;, &#x27;Khmer&#x27;),\n (&#x27;kn&#x27;, &#x27;Kannada&#x27;),\n (&#x27;ko&#x27;, &#x27;Korean&#x27;),\n (&#x27;ky&#x27;, &#x27;Kyrgyz&#x27;),\n (&#x27;lb&#x27;, &#x27;Luxembourgish&#x27;),\n (&#x27;lt&#x27;, &#x27;Lithuanian&#x27;),\n (&#x27;lv&#x27;, &#x27;Latvian&#x27;),\n (&#x27;mk&#x27;, &#x27;Macedonian&#x27;),\n (&#x27;ml&#x27;, &#x27;Malayalam&#x27;),\n (&#x27;mn&#x27;, &#x27;Mongolian&#x27;),\n (&#x27;mr&#x27;, &#x27;Marathi&#x27;),\n (&#x27;ms&#x27;, &#x27;Malay&#x27;),\n (&#x27;my&#x27;, &#x27;Burmese&#x27;),\n (&#x27;nb&#x27;, &#x27;Norwegian Bokm\xc3\xa5l&#x27;),\n (&#x27;ne&#x27;, &#x27;Nepali&#x27;),\n (&#x27;nl&#x27;, &#x27;Dutch&#x27;),\n (&#x27;nn&#x27;, &#x27;Norwegian Nynorsk&#x27;),\n (&#x27;os&#x27;, &#x27;Ossetic&#x27;),\n (&#x27;pa&#x27;, &#x27;Punjabi&#x27;),\n (&#x27;pl&#x27;, &#x27;Polish&#x27;),\n (&#x27;pt&#x27;, &#x27;Portuguese&#x27;),\n (&#x27;pt-br&#x27;, &#x27;Brazilian Portuguese&#x27;),\n (&#x27;ro&#x27;, &#x27;Romanian&#x27;),\n (&#x27;ru&#x27;, &#x27;Russian&#x27;),\n (&#x27;sk&#x27;, &#x27;Slovak&#x27;),\n (&#x27;sl&#x27;, &#x27;Slovenian&#x27;),\n (&#x27;sq&#x27;, &#x27;Albanian&#x27;),\n (&#x27;sr&#x27;, &#x27;Serbian&#x27;),\n (&#x27;sr-latn&#x27;, &#x27;Serbian Latin&#x27;),\n (&#x27;sv&#x27;, &#x27;Swedish&#x27;),\n (&#x27;sw&#x27;, &#x27;Swahili&#x27;),\n (&#x27;ta&#x27;, &#x27;Tamil&#x27;),\n (&#x27;te&#x27;, &#x27;Telugu&#x27;),\n (&#x27;tg&#x27;, &#x27;Tajik&#x27;),\n (&#x27;th&#x27;, &#x27;Thai&#x27;),\n (&#x27;tk&#x27;, &#x27;Turkmen&#x27;),\n (&#x27;tr&#x27;, &#x27;Turkish&#x27;),\n (&#x27;tt&#x27;, &#x27;Tatar&#x27;),\n (&#x27;udm&#x27;, &#x27;Udmurt&#x27;),\n (&#x27;uk&#x27;, &#x27;Ukrainian&#x27;),\n (&#x27;ur&#x27;, &#x27;Urdu&#x27;),\n (&#x27;uz&#x27;, &#x27;Uzbek&#x27;),\n (&#x27;vi&#x27;, &#x27;Vietnamese&#x27;),\n (&#x27;zh-hans&#x27;, &#x27;Simplified Chinese&#x27;),\n (&#x27;zh-hant&#x27;, &#x27;Traditional Chinese&#x27;)]</pre></td>\n        </tr>\n      \n        <tr>\n          <td>LANGUAGES_BIDI</td>\n          <td class="code"><pre>[&#x27;he&#x27;, &#x27;ar&#x27;, &#x27;ar-dz&#x27;, &#x27;ckb&#x27;, &#x27;fa&#x27;, &#x27;ur&#x27;]</pre></td>\n        </tr>\n      \n        <tr>\n          <td>LANGUAGE_CODE</td>\n          <td class="code"><pre>&#x27;en-us&#x27;</pre></td>\n        </tr>\n      \n        <tr>\n          <td>LANGUAGE_COOKIE_AGE</td>\n          <td class="code"><pre>None</pre></td>\n        </tr>\n      \n        <tr>\n          <td>LANGUAGE_COOKIE_DOMAIN</td>\n          <td class="code"><pre>None</pre></td>\n        </tr>\n      \n        <tr>\n          <td>LANGUAGE_COOKIE_HTTPONLY</td>\n          <td class="code"><pre>False</pre></td>\n        </tr>\n      \n        <tr>\n          <td>LANGUAGE_COOKIE_NAME</td>\n          <td class="code"><pre>&#x27;django_language&#x27;</pre></td>\n        </tr>\n      \n        <tr>\n          <td>LANGUAGE_COOKIE_PATH</td>\n          <td class="code"><pre>&#x27;/&#x27;</pre></td>\n        </tr>\n      \n        <tr>\n          <td>LANGUAGE_COOKIE_SAMESITE</td>\n          <td class="code"><pre>None</pre></td>\n        </tr>\n      \n        <tr>\n          <td>LANGUAGE_COOKIE_SECURE</td>\n          <td class="code"><pre>False</pre></td>\n        </tr>\n      \n        <tr>\n          <td>LOCALE_PATHS</td>\n          <td class="code"><pre>[]</pre></td>\n        </tr>\n      \n        <tr>\n          <td>LOGGING</td>\n          <td class="code"><pre>{&#x27;disable_existing_loggers&#x27;: False,\n &#x27;handlers&#x27;: {&#x27;file&#x27;: {&#x27;class&#x27;: &#x27;logging.FileHandler&#x27;,\n                       &#x27;filename&#x27;: WindowsPath(&#x27;E:/Cyber-Safe-Portal/logs/django.log&#x27;),\n                       &#x27;level&#x27;: &#x27;INFO&#x27;}},\n &#x27;loggers&#x27;: {&#x27;django&#x27;: {&#x27;handlers&#x27;: [&#x27;file&#x27;],\n                        &#x27;level&#x27;: &#x27;INFO&#x27;,\n                        &#x27;propagate&#x27;: True}},\n &#x27;version&#x27;: 1}</pre></td>\n        </tr>\n      \n        <tr>\n          <td>LOGGING_CONFIG</td>\n          <td class="code"><pre>&#x27;logging.config.dictConfig&#x27;</pre></td>\n        </tr>\n      \n        <tr>\n          <td>LOGIN_REDIRECT_URL</td>\n          <td class="code"><pre>&#x27;/admin/dashboard/&#x27;</pre></td>\n        </tr>\n      \n        <tr>\n          <td>LOGIN_URL</td>\n          <td class="code"><pre>&#x27;/admin-access/&#x27;</pre></td>\n        </tr>\n      \n        <tr>\n          <td>LOGOUT_REDIRECT_URL</td>\n          <td class="code"><pre>&#x27;/&#x27;</pre></td>\n        </tr>\n      \n        <tr>\n          <td>MANAGERS</td>\n          <td class="code"><pre>[]</pre></td>\n        </tr>\n      \n        <tr>\n          <td>MEDIA_ROOT</td>\n          <td class="code"><pre>WindowsPath(&#x27;E:/Cyber-Safe-Portal/media&#x27;)</pre></td>\n        </tr>\n      \n        <tr>\n          <td>MEDIA_URL</td>\n          <td class="code"><pre>&#x27;/media/&#x27;</pre></td>\n        </tr>\n      \n        <tr>\n          <td>MESSAGE_STORAGE</td>\n          <td class="code"><pre>&#x27;django.contrib.messages.storage.session.SessionStorage&#x27;</pre></td>\n        </tr>\n      \n        <tr>\n          <td>MIDDLEWARE</td>\n          <td class="code"><pre>[&#x27;django.middleware.security.SecurityMiddleware&#x27;,\n &#x27;whitenoise.middleware.WhiteNoiseMiddleware&#x27;,\n &#x27;corsheaders.middleware.CorsMiddleware&#x27;,\n &#x27;django.contrib.sessions.middleware.SessionMiddleware&#x27;,\n &#x27;django.middleware.common.CommonMiddleware&#x27;,\n &#x27;django.middleware.csrf.CsrfViewMiddleware&#x27;,\n &#x27;django.contrib.auth.middleware.AuthenticationMiddleware&#x27;,\n &#x27;django.contrib.messages.middleware.MessageMiddleware&#x27;,\n &#x27;django.middleware.clickjacking.XFrameOptionsMiddleware&#x27;]</pre></td>\n        </tr>\n      \n        <tr>\n          <td>MIGRATION_MODULES</td>\n          <td class="code"><pre>{}</pre></td>\n        </tr>\n      \n        <tr>\n          <td>MONTH_DAY_FORMAT</td>\n          <td class="code"><pre>&#x27;F j&#x27;</pre></td>\n        </tr>\n      \n        <tr>\n          <td>NUMBER_GROUPING</td>\n          <td class="code"><pre>0</pre></td>\n        </tr>\n      \n        <tr>\n          <td>PASSWORD_HASHERS</td>\n          <td class="code"><pre>&#x27;********************&#x27;</pre></td>\n        </tr>\n      \n        <tr>\n          <td>PASSWORD_RESET_TIMEOUT</td>\n          <td class="code"><pre>&#x27;********************&#x27;</pre></td>\n        </tr>\n      \n        <tr>\n          <td>PREPEND_WWW</td>\n          <td class="code"><pre>False</pre></td>\n        </tr>\n      \n        <tr>\n          <td>REST_FRAMEWORK</td>\n          <td class="code"><pre>{&#x27;DEFAULT_AUTHENTICATION_CLASSES&#x27;: [&#x27;rest_framework.authentication.SessionAuthentication&#x27;],\n &#x27;DEFAULT_PERMISSION_CLASSES&#x27;: [&#x27;rest_framework.permissions.IsAuthenticated&#x27;],\n &#x27;DEFAULT_RENDERER_CLASSES&#x27;: [&#x27;rest_framework.renderers.JSONRenderer&#x27;]}</pre></td>\n        </tr>\n      \n        <tr>\n          <td>ROOT_URLCONF</td>\n          <td class="code"><pre>&#x27;cysafe_project.urls&#x27;</pre></td>\n        </tr>\n      \n        <tr>\n          <td>SECRET_KEY</td>\n          <td class="code"><pre>&#x27;********************&#x27;</pre></td>\n        </tr>\n      \n        <tr>\n          <td>SECRET_KEY_FALLBACKS</td>\n          <td class="code"><pre>&#x27;********************&#x27;</pre></td>\n        </tr>\n      \n        <tr>\n          <td>SECURE_BROWSER_XSS_FILTER</td>\n          <td class="code"><pre>True</pre></td>\n        </tr>\n      \n        <tr>\n          <td>SECURE_CONTENT_TYPE_NOSNIFF</td>\n          <td class="code"><pre>True</pre></td>\n        </tr>\n      \n        <tr>\n          <td>SECURE_CROSS_ORIGIN_OPENER_POLICY</td>\n          <td class="code"><pre>&#x27;same-origin&#x27;</pre></td>\n        </tr>\n      \n        <tr>\n          <td>SECURE_HSTS_INCLUDE_SUBDOMAINS</td>\n          <td class="code"><pre>True</pre></td>\n        </tr>\n      \n        <tr>\n          <td>SECURE_HSTS_PRELOAD</td>\n          <td class="code"><pre>True</pre></td>\n        </tr>\n      \n        <tr>\n          <td>SECURE_HSTS_SECONDS</td>\n          <td class="code"><pre>31536000</pre></td>\n        </tr>\n      \n        <tr>\n          <td>SECURE_PROXY_SSL_HEADER</td>\n          <td class="code"><pre>None</pre></td>\n        </tr>\n      \n        <tr>\n          <td>SECURE_REDIRECT_EXEMPT</td>\n          <td class="code"><pre>[]</pre></td>\n        </tr>\n      \n        <tr>\n          <td>SECURE_REFERRER_POLICY</td>\n          <td class="code"><pre>&#x27;same-origin&#x27;</pre></td>\n        </tr>\n      \n        <tr>\n          <td>SECURE_SSL_HOST</td>\n          <td class="code"><pre>None</pre></td>\n        </tr>\n      \n        <tr>\n          <td>SECURE_SSL_REDIRECT</td>\n          <td class="code"><pre>False</pre></td>\n        </tr>\n      \n        <tr>\n          <td>SERVER_EMAIL</td>\n          <td class="code"><pre>&#x27;root@localhost&#x27;</pre></td>\n        </tr>\n      \n        <tr>\n          <td>SESSION_CACHE_ALIAS</td>\n          <td class="code"><pre>&#x27;default&#x27;</pre></td>\n        </tr>\n      \n        <tr>\n          <td>SESSION_COOKIE_AGE</td>\n          <td class="code"><pre>1800</pre></td>\n        </tr>\n      \n        <tr>\n          <td>SESSION_COOKIE_DOMAIN</td>\n          <td class="code"><pre>None</pre></td>\n        </tr>\n      \n        <tr>\n          <td>SESSION_COOKIE_HTTPONLY</td>\n          <td class="code"><pre>True</pre></td>\n        </tr>\n      \n        <tr>\n          <td>SESSION_COOKIE_NAME</td>\n          <td class="code"><pre>&#x27;sessionid&#x27;</pre></td>\n        </tr>\n      \n        <tr>\n          <td>SESSION_COOKIE_PATH</td>\n          <td class="code"><pre>&#x27;/&#x27;</pre></td>\n        </tr>\n      \n        <tr>\n          <td>SESSION_COOKIE_SAMESITE</td>\n          <td class="code"><pre>&#x27;Lax&#x27;</pre></td>\n        </tr>\n      \n        <tr>\n          <td>SESSION_COOKIE_SECURE</td>\n          <td class="code"><pre>False</pre></td>\n        </tr>\n      \n        <tr>\n          <td>SESSION_ENGINE</td>\n          <td class="code"><pre>&#x27;django.contrib.sessions.backends.db&#x27;</pre></td>\n        </tr>\n      \n        <tr>\n          <td>SESSION_EXPIRE_AT_BROWSER_CLOSE</td>\n          <td class="code"><pre>True</pre></td>\n        </tr>\n      \n        <tr>\n          <td>SESSION_FILE_PATH</td>\n          <td class="code"><pre>None</pre></td>\n        </tr>\n      \n        <tr>\n          <td>SESSION_SAVE_EVERY_REQUEST</td>\n          <td class="code"><pre>False</pre></td>\n        </tr>\n      \n        <tr>\n          <td>SESSION_SERIALIZER</td>\n          <td class="code"><pre>&#x27;django.contrib.sessions.serializers.JSONSerializer&#x27;</pre></td>\n        </tr>\n      \n        <tr>\n          <td>SETTINGS_MODULE</td>\n          <td class="code"><pre>&#x27;cysafe_project.settings&#x27;</pre></td>\n        </tr>\n      \n        <tr>\n          <td>SHORT_DATETIME_FORMAT</td>\n          <td class="code"><pre>&#x27;m/d/Y P&#x27;</pre></td>\n        </tr>\n      \n        <tr>\n          <td>SHORT_DATE_FORMAT</td>\n          <td class="code"><pre>&#x27;m/d/Y&#x27;</pre></td>\n        </tr>\n      \n        <tr>\n          <td>SIGNING_BACKEND</td>\n          <td class="code"><pre>&#x27;django.core.signing.TimestampSigner&#x27;</pre></td>\n        </tr>\n      \n        <tr>\n          <td>SILENCED_SYSTEM_CHECKS</td>\n          <td class="code"><pre>[]</pre></td>\n        </tr>\n      \n        <tr>\n          <td>STATICFILES_DIRS</td>\n          <td class="code"><pre>[WindowsPath(&#x27;E:/Cyber-Safe-Portal/static&#x27;)]</pre></td>\n        </tr>\n      \n        <tr>\n          <td>STATICFILES_FINDERS</td>\n          <td class="code"><pre>[&#x27;django.contrib.staticfiles.finders.FileSystemFinder&#x27;,\n &#x27;django.contrib.staticfiles.finders.AppDirectoriesFinder&#x27;]</pre></td>\n        </tr>\n      \n        <tr>\n          <td>STATICFILES_STORAGE</td>\n          <td class="code"><pre>&#x27;django.contrib.staticfiles.storage.StaticFilesStorage&#x27;</pre></td>\n        </tr>\n      \n        <tr>\n          <td>STATIC_ROOT</td>\n          <td class="code"><pre>WindowsPath(&#x27;E:/Cyber-Safe-Portal/staticfiles&#x27;)</pre></td>\n        </tr>\n      \n        <tr>\n          <td>STATIC_URL</td>\n          <td class="code"><pre>&#x27;/static/&#x27;</pre></td>\n        </tr>\n      \n        <tr>\n          <td>STORAGES</td>\n          <td class="code"><pre>{&#x27;default&#x27;: {&#x27;BACKEND&#x27;: &#x27;django.core.files.storage.FileSystemStorage&#x27;},\n &#x27;staticfiles&#x27;: {&#x27;BACKEND&#x27;: &#x27;django.contrib.staticfiles.storage.StaticFilesStorage&#x27;}}</pre></td>\n        </tr>\n      \n        <tr>\n          <td>TEMPLATES</td>\n          <td class="code"><pre>[{&#x27;APP_DIRS&#x27;: True,\n  &#x27;BACKEND&#x27;: &#x27;django.template.backends.django.DjangoTemplates&#x27;,\n  &#x27;DIRS&#x27;: [WindowsPath(&#x27;E:/Cyber-Safe-Portal/templates&#x27;)],\n  &#x27;OPTIONS&#x27;: {&#x27;context_processors&#x27;: [&#x27;django.template.context_processors.debug&#x27;,\n                                     &#x27;django.template.context_processors.request&#x27;,\n                                     &#x27;django.contrib.auth.context_processors.auth&#x27;,\n                                     &#x27;django.contrib.messages.context_processors.messages&#x27;]}}]</pre></td>\n        </tr>\n      \n        <tr>\n          <td>TEST_NON_SERIALIZED_APPS</td>\n          <td class="code"><pre>[]</pre></td>\n        </tr>\n      \n        <tr>\n          <td>TEST_RUNNER</td>\n          <td class="code"><pre>&#x27;django.test.runner.DiscoverRunner&#x27;</pre></td>\n        </tr>\n      \n        <tr>\n          <td>THOUSAND_SEPARATOR</td>\n          <td class="code"><pre>&#x27;,&#x27;</pre></td>\n        </tr>\n      \n        <tr>\n          <td>TIME_FORMAT</td>\n          <td class="code"><pre>&#x27;P&#x27;</pre></td>\n        </tr>\n      \n        <tr>\n          <td>TIME_INPUT_FORMATS</td>\n          <td class="code"><pre>[&#x27;%H:%M:%S&#x27;, &#x27;%H:%M:%S.%f&#x27;, &#x27;%H:%M&#x27;]</pre></td>\n        </tr>\n      \n        <tr>\n          <td>TIME_ZONE</td>\n          <td class="code"><pre>&#x27;UTC&#x27;</pre></td>\n        </tr>\n      \n        <tr>\n          <td>USE_DEPRECATED_PYTZ</td>\n          <td class="code"><pre>False</pre></td>\n        </tr>\n      \n        <tr>\n          <td>USE_I18N</td>\n          <td class="code"><pre>True</pre></td>\n        </tr>\n      \n        <tr>\n          <td>USE_L10N</td>\n          <td class="code"><pre>True</pre></td>\n        </tr>\n      \n        <tr>\n          <td>USE_THOUSAND_SEPARATOR</td>\n          <td class="code"><pre>False</pre></td>\n        </tr>\n      \n        <tr>\n          <td>USE_TZ</td>\n          <td class="code"><pre>True</pre></td>\n        </tr>\n      \n        <tr>\n          <td>USE_X_FORWARDED_HOST</td>\n          <td class="code"><pre>False</pre></td>\n        </tr>\n      \n        <tr>\n          <td>USE_X_FORWARDED_PORT</td>\n          <td class="code"><pre>False</pre></td>\n        </tr>\n      \n        <tr>\n          <td>WSGI_APPLICATION</td>\n          <td class="code"><pre>&#x27;cysafe_project.wsgi.application&#x27;</pre></td>\n        </tr>\n      \n        <tr>\n          <td>X_FRAME_OPTIONS</td>\n          <td class="code"><pre>&#x27;DENY&#x27;</pre></td>\n        </tr>\n      \n        <tr>\n          <td>YEAR_MONTH_FORMAT</td>\n          <td class="code"><pre>&#x27;F Y&#x27;</pre></td>\n        </tr>\n      \n    </tbody>\n  </table>\n\n</div>\n\n  <div id="explanation">\n    <p>\n      You\xe2\x80\x99re seeing this error because you have <code>DEBUG = True</code> in your\n      Django settings file. Change that to <code>False</code>, and Django will\n      display a standard page generated by the handler for this status code.\n    </p>\n  </div>\n\n</body>\n</html>\n'
